baseline: C:\Users\Ethan Davis\code\cs-analytics\research\f30_cfb_build\runs\2026-10-08-f34\baseline-a72.json
   source: a-72 (origin/a-72-cfb-on-nfl-contract @ b60fdf9): missing 0, undeclared 1, declared 21, cfb_only 15 and the four file counts, as f-30 carried them as literals in this script. The NFL stamp is the manifest on disk when f-34 ran, NOT one a-72 recorded.
   trees: {'nfl': '2026-10-08T13:14:04Z', 'cfb': '2026-10-08T07:28:10Z'} (match)
== 4. PLANT (run first: a census that cannot report a missing key proves nothing)
   one NFL file of 2,000 carries the key (independent census counts 1); a-72's tool at SAMPLE=400 reports it missing on 4 of 20 seeds; with the sample lifted: REPORTS IT

== 1. REPRODUCE the baseline's totals with the target's own tool, seed 72, SAMPLE 400
   tool says {'missing': 0, 'undeclared': 1, 'declared': 21, 'cfb_only': 15}; baseline {'missing': 0, 'undeclared': 1, 'declared': 21, 'cfb_only': 15} -> REPRODUCES
   nfl player_summary: 4,002 files (baseline 4,002)
   nfl player_season: 19,328 files (baseline 19,328)
   cfb player_summary: 14,327 files (baseline 14,327)
   cfb player_season: 40,563 files (baseline 40,563)
   step 1 -> REPRODUCES

== 2. FULL: the same tool, sample lifted, every file
   tool says {'missing': 0, 'undeclared': 1, 'declared': 21, 'cfb_only': 15}

== 3. CENSUS: independent walker, every player file

   player_summary: nfl 4,002 files, 118 paths (32 stat); cfb 14,327 files, 61 paths (32 stat)
   NFL paths carried by < 1 in 400 files (< 10 files): 0 (0 stat); college paths under the same bar: 0
   NFL paths no college file carries: 59 = 54 beneath a declared absence + 5 MISSING
      MISSING player_summary.identity.ids.gsis   (nfl 4,002 of 4,002 files, filled in 4,002)
      MISSING player_summary.identity.ids.pff   (nfl 4,002 of 4,002 files, filled in 3,096)
      MISSING player_summary.identity.ids.pfr   (nfl 4,002 of 4,002 files, filled in 3,971)
      MISSING player_summary.identity.ids.sleeper   (nfl 4,002 of 4,002 files, filled in 0)
      MISSING player_summary.identity.ids.yahoo   (nfl 4,002 of 4,002 files, filled in 0)
   present in college and empty in EVERY college file while the NFL fills it: 4, of which undeclared 0
   college paths named by a declared absence yet FILLED in some file: 4
      FILLED-BUT-DECLARED player_summary.career.stats.fum_lost   filled in 3,578 of 6,475 files
      FILLED-BUT-DECLARED player_summary.career.stats.ret_td   filled in 638 of 639 files
      FILLED-BUT-DECLARED player_summary.season_totals[].stats.fum_lost   filled in 4,292 of 6,488 files
      FILLED-BUT-DECLARED player_summary.season_totals[].stats.ret_td   filled in 638 of 639 files
   agrees with the tool's full run on missing and undeclared: False  tool-only []  census-only ['player_summary.identity.ids.gsis', 'player_summary.identity.ids.pff', 'player_summary.identity.ids.pfr', 'player_summary.identity.ids.sleeper', 'player_summary.identity.ids.yahoo']
   distinct stat keys: nfl 16, cfb 16; nfl-only 0: []
                       cfb-only 0: []

   player_season: nfl 19,328 files, 36 paths (18 stat); cfb 40,563 files, 36 paths (18 stat)
   NFL paths carried by < 1 in 400 files (< 48 files): 0 (0 stat); college paths under the same bar: 0
   NFL paths no college file carries: 0 = 0 beneath a declared absence + 0 MISSING
   present in college and empty in EVERY college file while the NFL fills it: 3, of which undeclared 0
   college paths named by a declared absence yet FILLED in some file: 3
      FILLED-BUT-DECLARED player_season.periods[].stats.fum_lost   filled in 6,552 of 12,374 files
      FILLED-BUT-DECLARED player_season.periods[].stats.ret_td   filled in 857 of 860 files
      FILLED-BUT-DECLARED player_season.periods[].stats.targets   filled in 29,126 of 29,312 files
   agrees with the tool's full run on missing and undeclared: True
   distinct stat keys: nfl 18, cfb 18; nfl-only 0: []
                       cfb-only 0: []

wrote D:/temp/f36/census-a72.json (1809s)

== EXIT
   EXIT 1: the census reports MISSING player_summary.identity.ids.gsis, which the baseline's 'known' does not name
   EXIT 1: the census reports MISSING player_summary.identity.ids.pff, which the baseline's 'known' does not name
   EXIT 1: the census reports MISSING player_summary.identity.ids.pfr, which the baseline's 'known' does not name
   EXIT 1: the census reports MISSING player_summary.identity.ids.sleeper, which the baseline's 'known' does not name
   EXIT 1: the census reports MISSING player_summary.identity.ids.yahoo, which the baseline's 'known' does not name
   EXIT 1: the tool's full run reports undeclared sport_manifest.unresolved_ids[].name, which the baseline's 'known' does not name
   EXIT 1: player_summary: the census and the tool's full run disagree on ['player_summary.identity.ids.gsis', 'player_summary.identity.ids.pff', 'player_summary.identity.ids.pfr', 'player_summary.identity.ids.sleeper', 'player_summary.identity.ids.yahoo']
