== 0. PREMISE: the recorded-fit route reproduces c-39's 2a figure (else stop)
   2a n 3768 (published 3768), dBrier +0.010681 (published +0.0107) -> REPRODUCES

== 2c. the timestamped Odds API pre-kickoff h2h, 2026
   census today {"events": 281, "matched": 277, "missed": 4, "ambiguous": 0, "outside_overround": 0, "no_fresh_pair": 89}
   today: n 168, dBrier +0.0321 [+0.0147, +0.0495] SE 0.0089   published: n 168, +0.0321 [+0.0147, +0.0495] SE 0.0089
   -> REPRODUCES to 4 dp
   games by CFB week block: {"2026-2958": 55, "2026-2959": 57, "2026-2960": 56}
   THROUGH GF.boot_many (168 rows, 168 units): copies inside their block x1.000, copies as new blocks x0.465 (expected 0.447) -> honours_blocks
   blocks: game             ( 168) +0.0321 [+0.0152, +0.0504] SE 0.00890 *
   blocks: kickoff hour     (  46) +0.0321 [+0.0174, +0.0483] SE 0.00788 *
   blocks: kickoff day      (  11) +0.0321 [+0.0147, +0.0481] SE 0.00851 *
   blocks: week             (   3) +0.0321 [+0.0119, +0.0545] SE 0.01006  (<5 blocks: NOT READ)
   blocks: home conference  (  11) +0.0321 [+0.0196, +0.0521] SE 0.00820 *
   z +3.60  p 0.00032  Bonferroni survives k=32: True (p_adj 0.0102), k=1000: False
   MDE (80% power, 2.8 SE) 0.0250; |estimate| / MDE 1.29 -> clear; c-39 stated MDE 0.024950493114063346 -> consistent
   under the widest readable blocks (game, 168): SE 0.0089, |estimate| / MDE 1.29 -> clear

== 2b(iii). the model's side against the CFBD spread, 2013-2025
   sign check: corr(-spread, home margin) +0.668 on 9822 games (c-39: +0.668 on 9,822)
   |edge| >= 0: n 9652 (published 9652)  0.4980 [0.4880, 0.5075] (published 0.4980 [0.4880, 0.5075]) -> REPRODUCES
      THROUGH rc.Pop.boot (9652 rows, 9652 units): copies inside their block x1.000, copies as new blocks x0.498 (expected 0.447) -> honours_blocks
      season blocks (13): hit - 0.5 = -0.0020 [-0.0086, +0.0042] SE 0.00331;  detectable hit rate at 80% power: 0.5 +/- 0.0141; break-even 0.5238 is 5.1 SE above the estimate
   |edge| >= 3: n 5831 (published 5831)  0.4905 [0.4776, 0.5035] (published 0.4905 [0.4776, 0.5035]) -> REPRODUCES
      THROUGH rc.Pop.boot (5831 rows, 5831 units): copies inside their block x1.000, copies as new blocks x0.457 (expected 0.447) -> honours_blocks
      season blocks (13): hit - 0.5 = -0.0095 [-0.0203, +0.0017] SE 0.00557;  detectable hit rate at 80% power: 0.5 +/- 0.0186; break-even 0.5238 is 5.0 SE above the estimate
   |edge| >= 7: n 2141 (published 2141)  0.4951 [0.4736, 0.5175] (published 0.4951 [0.4736, 0.5175]) -> REPRODUCES
      THROUGH rc.Pop.boot (2141 rows, 2141 units): copies inside their block x1.000, copies as new blocks x0.472 (expected 0.447) -> honours_blocks
      season blocks (13): hit - 0.5 = -0.0049 [-0.0243, +0.0119] SE 0.00928;  detectable hit rate at 80% power: 0.5 +/- 0.0305; break-even 0.5238 is 2.6 SE above the estimate

== THE COMPARATOR. does CFBD's untimestamped moneyline behave like a pre-kickoff price?
   2026 165 games carry BOTH a CFBD moneyline and a timestamped pre-kickoff Odds API h2h (of 168 with the latter)
   |CFBD - pre-kickoff|: median 0.0071, p90 0.0265, max 0.0657; beyond 0.05 on 2, beyond 0.10 on 0 of 165
   mean signed move TOWARD the result, CFBD minus pre-kickoff: -0.0011 [-0.0035, +0.0013] SE 0.00124   (in-game values would make this positive)
   Brier(CFBD) - Brier(pre-kickoff): +0.0005 [-0.0019, +0.0028] SE 0.00120   (Brier 0.1455 vs 0.1450)
   the model's gap on these games: to CFBD +0.0322 [+0.0149, +0.0503] SE 0.00911 *; to the timestamped quote +0.0327 [+0.0150, +0.0512] SE 0.00917 *
   PLANT (11 of 165 values moved 30% of the way to the result): +0.0074 [+0.0020, +0.0138] SE 0.00304 * -> FIRES
   smallest mean move toward the result this sample could detect (80% power): 0.0035

wrote D:/temp/f30/c39_prices.json (62s)
rc=0
