ladders 725; rungs 3987; games 48; fees {'snapshot:KXNFLREC': ['quadratic', 1.0], 'snapshot:KXNFLRSHATT': ['quadratic', 1.0], 'live:KXNFLREC': ['quadratic', 1], 'live:KXNFLRSHATT': ['quadratic', 1]}
intervals 11145 on 709 ladders; by position {'adjacent': 5312, 'straddle': 3486, 'upper wing': 2242, 'lower wing': 102, 'no central rung': 3}

== Answer 1 - coherence (counts) ==
  receptions    w=1    n  2933  negative   0  zero   1  crossed at touch   0  sell-touch<=0  295 (0.101)  band p50 3.0c p90 6.0c  mean implied 0.1218
  receptions    w=2    n  2397  negative   0  zero   0  crossed at touch   0  sell-touch<=0   14 (0.006)  band p50 3.0c p90 6.0c  mean implied 0.2460
  receptions    w=3    n  1862  negative   0  zero   0  crossed at touch   0  sell-touch<=0    0 (0.000)  band p50 3.0c p90 6.0c  mean implied 0.3700
  receptions    w=4    n  1363  negative   0  zero   0  crossed at touch   0  sell-touch<=0    0 (0.000)  band p50 4.0c p90 6.0c  mean implied 0.4898
  receptions    w=5    n   950  negative   0  zero   0  crossed at touch   0  sell-touch<=0    0 (0.000)  band p50 4.0c p90 6.0c  mean implied 0.6003
  receptions    w=6    n   604  negative   0  zero   0  crossed at touch   0  sell-touch<=0    0 (0.000)  band p50 4.0c p90 7.0c  mean implied 0.6938
  receptions    w=7    n   335  negative   0  zero   0  crossed at touch   0  sell-touch<=0    0 (0.000)  band p50 4.0c p90 6.0c  mean implied 0.7644
  receptions    w=8    n   157  negative   0  zero   0  crossed at touch   0  sell-touch<=0    0 (0.000)  band p50 4.0c p90 7.0c  mean implied 0.8149
  receptions    w=9    n    45  negative   0  zero   0  crossed at touch   0  sell-touch<=0    0 (0.000)  band p50 4.0c p90 7.0c  mean implied 0.8319
  receptions    w=10   n    14  negative   0  zero   0  crossed at touch   0  sell-touch<=0    0 (0.000)  band p50 4.0c p90 6.0c  mean implied 0.8554
  receptions    w=11   n     1  negative   0  zero   0  crossed at touch   0  sell-touch<=0    0 (0.000)  band p50 8.0c p90 8.0c  mean implied 0.8700
  receptions    mass <0.05     n   649  negative   0  zero   1  crossed   0  sell-touch<=0  304 (0.468)  band p50 5.0c
  receptions    mass 0.05-0.10 n   865  negative   0  zero   0  crossed   0  sell-touch<=0    5 (0.006)  band p50 4.0c
  receptions    mass 0.10-0.20 n  2180  negative   0  zero   0  crossed   0  sell-touch<=0    0 (0.000)  band p50 3.0c
  receptions    mass 0.20-0.30 n  1482  negative   0  zero   0  crossed   0  sell-touch<=0    0 (0.000)  band p50 3.0c
  receptions    mass 0.30-0.45 n  1983  negative   0  zero   0  crossed   0  sell-touch<=0    0 (0.000)  band p50 3.0c
  receptions    mass 0.45-0.60 n  1538  negative   0  zero   0  crossed   0  sell-touch<=0    0 (0.000)  band p50 3.0c
  receptions    mass >=0.60    n  1964  negative   0  zero   0  crossed   0  sell-touch<=0    0 (0.000)  band p50 4.0c
  rush_attempts w=3    n   328  negative   0  zero   0  crossed at touch   0  sell-touch<=0    2 (0.006)  band p50 4.0c p90 12.0c  mean implied 0.2773
  rush_attempts w=6    n   156  negative   0  zero   0  crossed at touch   0  sell-touch<=0    0 (0.000)  band p50 5.0c p90 17.5c  mean implied 0.5449
  rush_attempts mass 0.10-0.20 n    32  negative   0  zero   0  crossed   0  sell-touch<=0    1 (0.031)  band p50 3.5c
  rush_attempts mass 0.20-0.30 n   184  negative   0  zero   0  crossed   0  sell-touch<=0    1 (0.005)  band p50 4.0c
  rush_attempts mass 0.30-0.45 n   150  negative   0  zero   0  crossed   0  sell-touch<=0    0 (0.000)  band p50 4.0c
  rush_attempts mass 0.45-0.60 n    73  negative   0  zero   0  crossed   0  sell-touch<=0    0 (0.000)  band p50 5.0c
  rush_attempts mass >=0.60    n    45  negative   0  zero   0  crossed   0  sell-touch<=0    0 (0.000)  band p50 5.0c
  TOTAL intervals 11145 on 709 ladders with >= 2 rungs, 48 games: negative 0 (on 0 ladders), zero 1, crossed at the touch 0 {}, sell-touch <= 0 311 (0.028)
  C5 receptions ladders with >= 4 rungs: 500; unit masses between rungs NOT unimodal: 20 (0.040)

== Answer 2 - calibration of the interval against settlement ==
  registered cells 72; exist 50; on >= 5 games with an interval 46; nominal p<0.05 8 (expected by chance 2.3); BH q=0.1 survivors 6; Holm 0.05 survivors 1
  receptions|w=1|<0.05               implied 0.0303 realised 0.0395  diff pp +0.92 [-0.40, +2.29]  (n 607, 48 games)  MDE pre-run 1.94 / bootstrap 1.92
  receptions|w=1|0.05-0.10           implied 0.0741 realised 0.0914  diff pp +1.73 [-0.54, +4.13]  (n 569, 48 games)  MDE pre-run 3.05 / bootstrap 3.32
  receptions|w=1|0.10-0.20           implied 0.1493 realised 0.1290  diff pp -2.03 [-3.47, -0.62]* (n 1333, 48 games)  MDE pre-run 2.07 / bootstrap 2.05  BH
  receptions|w=1|0.20-0.30           implied 0.2249 realised 0.2315  diff pp +0.66 [-2.71, +3.77]  (n 406, 48 games)  MDE pre-run 5.49 / bootstrap 4.63
  receptions|w=1|0.30-0.45           implied 0.3461 realised 0.1667  diff pp -17.94 [-34.32, +0.21]  (n 18, 15 games)  MDE pre-run 31.31 / bootstrap 23.89
  receptions|w=1|all                 implied 0.1218 realised 0.1176  diff pp -0.42 [-1.00, +0.18]  (n 2933, 48 games)  MDE pre-run 0.98 / bootstrap 0.85
  receptions|w=2|<0.05               implied 0.0394 realised 0.0238  diff pp -1.56 [-4.10, +4.14]  (n 42, 26 games)  MDE pre-run 8.54 / bootstrap 6.65
  receptions|w=2|0.05-0.10           implied 0.0740 realised 0.0806  diff pp +0.66 [-2.28, +3.96]  (n 273, 48 games)  MDE pre-run 4.62 / bootstrap 4.61
  receptions|w=2|0.10-0.20           implied 0.1475 realised 0.1880  diff pp +4.05 [+1.24, +6.75]* (n 569, 48 games)  MDE pre-run 4.45 / bootstrap 4.03  BH
  receptions|w=2|0.20-0.30           implied 0.2513 realised 0.2067  diff pp -4.47 [-7.77, -1.19]* (n 600, 48 games)  MDE pre-run 4.79 / bootstrap 4.66  BH
  receptions|w=2|0.30-0.45           implied 0.3613 realised 0.3333  diff pp -2.80 [-5.90, +0.37]  (n 891, 48 games)  MDE pre-run 4.75 / bootstrap 4.40
  receptions|w=2|0.45-0.60           implied 0.5041 realised 0.3636  diff pp -14.05 [-31.40, +5.90]  (n 22, 18 games)  MDE pre-run 30.42 / bootstrap 27.03
  receptions|w=2|all                 implied 0.2460 realised 0.2332  diff pp -1.28 [-2.65, +0.08]  (n 2397, 48 games)  MDE pre-run 2.13 / bootstrap 1.95
  receptions|w=3|0.05-0.10           implied 0.0832 realised 0.0000  diff pp -8.32 [-8.82, -7.88]* (n 22, 18 games)  MDE pre-run 17.09 / bootstrap 0.68  BH  HOLM
  receptions|w=3|0.10-0.20           implied 0.1555 realised 0.1767  diff pp +2.12 [-2.77, +7.16]  (n 249, 48 games)  MDE pre-run 6.72 / bootstrap 7.16
  receptions|w=3|0.20-0.30           implied 0.2488 realised 0.2606  diff pp +1.18 [-3.04, +5.80]  (n 330, 48 games)  MDE pre-run 6.88 / bootstrap 6.38
  receptions|w=3|0.30-0.45           implied 0.3811 realised 0.3465  diff pp -3.47 [-7.03, +0.08]  (n 609, 48 games)  MDE pre-run 5.91 / bootstrap 5.08
  receptions|w=3|0.45-0.60           implied 0.5120 realised 0.4537  diff pp -5.83 [-10.11, -1.37]* (n 648, 48 games)  MDE pre-run 6.21 / bootstrap 6.30  BH
  receptions|w=3|>=0.60              implied 0.6100 realised 0.2500  diff pp -36.00 [-61.50, +14.00]  (n 4, 4 games)  NOT READ: <5 games  MDE pre-run 69.90 / bootstrap 61.41
  receptions|w=3|all                 implied 0.3700 realised 0.3416  diff pp -2.85 [-5.07, -0.81]* (n 1862, 48 games)  MDE pre-run 3.41 / bootstrap 3.10  BH
  receptions|w=4|0.05-0.10           implied 0.0950 realised 0.0000  diff pp -9.50 [no interval] (n 1, 1 games)  MDE pre-run 80.13 / bootstrap nan
  receptions|w=4|0.10-0.20           implied 0.1708 realised 0.1154  diff pp -5.54 [-16.92, +5.73]  (n 26, 19 games)  MDE pre-run 22.25 / bootstrap 15.89
  receptions|w=4|0.20-0.30           implied 0.2543 realised 0.3060  diff pp +5.17 [-2.56, +13.25]  (n 134, 44 games)  MDE pre-run 10.47 / bootstrap 11.25
  receptions|w=4|0.30-0.45           implied 0.3755 realised 0.3699  diff pp -0.55 [-6.22, +4.89]  (n 319, 48 games)  MDE pre-run 7.91 / bootstrap 7.80
  receptions|w=4|0.45-0.60           implied 0.5265 realised 0.4821  diff pp -4.43 [-8.15, -0.67]* (n 504, 48 games)  MDE pre-run 7.16 / bootstrap 5.31
  receptions|w=4|>=0.60              implied 0.6436 realised 0.5937  diff pp -5.00 [-11.10, +0.94]  (n 379, 48 games)  MDE pre-run 7.53 / bootstrap 8.68
  receptions|w=4|all                 implied 0.4898 realised 0.4622  diff pp -2.76 [-5.72, +0.17]  (n 1363, 48 games)  MDE pre-run 4.78 / bootstrap 4.32
  receptions|w=5|0.10-0.20           implied 0.1933 realised 0.3333  diff pp +14.00 [-19.50, +81.00]  (n 3, 3 games)  NOT READ: <5 games  MDE pre-run 64.48 / bootstrap 77.09
  receptions|w=5|0.20-0.30           implied 0.2625 realised 0.1667  diff pp -9.58 [-26.73, +10.11]  (n 12, 11 games)  MDE pre-run 37.53 / bootstrap 27.90
  receptions|w=5|0.30-0.45           implied 0.3859 realised 0.4472  diff pp +6.13 [-2.83, +14.57]  (n 123, 44 games)  MDE pre-run 12.44 / bootstrap 12.53
  receptions|w=5|0.45-0.60           implied 0.5345 realised 0.5077  diff pp -2.68 [-8.55, +3.02]  (n 260, 48 games)  MDE pre-run 9.35 / bootstrap 8.41
  receptions|w=5|>=0.60              implied 0.6887 realised 0.6486  diff pp -4.01 [-8.29, +0.30]  (n 552, 48 games)  MDE pre-run 6.85 / bootstrap 6.16
  receptions|w=5|all                 implied 0.6003 realised 0.5768  diff pp -2.35 [-6.31, +1.45]  (n 950, 48 games)  MDE pre-run 6.02 / bootstrap 5.52
  receptions|w=6|0.30-0.45           implied 0.3870 realised 0.5000  diff pp +11.30 [-17.83, +35.80]  (n 20, 16 games)  MDE pre-run 32.65 / bootstrap 39.03
  receptions|w=6|0.45-0.60           implied 0.5380 realised 0.5581  diff pp +2.01 [-8.64, +11.19]  (n 86, 41 games)  MDE pre-run 15.43 / bootstrap 13.81
  receptions|w=6|>=0.60              implied 0.7330 realised 0.6968  diff pp -3.62 [-8.57, +1.03]  (n 498, 48 games)  MDE pre-run 7.06 / bootstrap 7.06
  receptions|w=6|all                 implied 0.6938 realised 0.6705  diff pp -2.33 [-7.25, +2.73]  (n 604, 48 games)  MDE pre-run 7.10 / bootstrap 7.23
  receptions|w=7|0.30-0.45           implied 0.4450 realised 0.6667  diff pp +22.17 [-44.00, +55.50]  (n 3, 3 games)  NOT READ: <5 games  MDE pre-run 79.22 / bootstrap 75.15
  receptions|w=7|0.45-0.60           implied 0.5377 realised 0.6000  diff pp +6.23 [-19.41, +28.24]  (n 15, 14 games)  MDE pre-run 36.25 / bootstrap 36.63
  receptions|w=7|>=0.60              implied 0.7781 realised 0.7476  diff pp -3.05 [-9.27, +2.71]  (n 317, 48 games)  MDE pre-run 8.28 / bootstrap 8.65
  receptions|w=7|all                 implied 0.7644 realised 0.7403  diff pp -2.41 [-9.04, +3.90]  (n 335, 48 games)  MDE pre-run 8.49 / bootstrap 9.16
  rush_attempts|w=3|0.10-0.20        implied 0.1806 realised 0.1875  diff pp +0.69 [-11.90, +14.56]  (n 32, 27 games)  MDE pre-run 18.77 / bootstrap 19.24
  rush_attempts|w=3|0.20-0.30        implied 0.2403 realised 0.2554  diff pp +1.51 [-3.30, +6.80]  (n 184, 48 games)  MDE pre-run 7.79 / bootstrap 7.26
  rush_attempts|w=3|0.30-0.45        implied 0.3570 realised 0.3462  diff pp -1.08 [-8.70, +6.40]  (n 104, 38 games)  MDE pre-run 10.57 / bootstrap 10.77
  rush_attempts|w=3|0.45-0.60        implied 0.4800 realised 0.6250  diff pp +14.50 [-16.01, +40.69]  (n 8, 7 games)  MDE pre-run 50.42 / bootstrap 44.56
  rush_attempts|w=3|all              implied 0.2773 realised 0.2866  diff pp +0.93 [-3.30, +5.16]  (n 328, 48 games)  MDE pre-run 5.32 / bootstrap 6.07
  rush_attempts|w=6|0.30-0.45        implied 0.4223 realised 0.4130  diff pp -0.92 [-14.65, +14.61]  (n 46, 32 games)  MDE pre-run 20.88 / bootstrap 21.30
  rush_attempts|w=6|0.45-0.60        implied 0.5084 realised 0.5231  diff pp +1.47 [-11.14, +13.87]  (n 65, 33 games)  MDE pre-run 16.97 / bootstrap 17.95
  rush_attempts|w=6|>=0.60           implied 0.7229 realised 0.6889  diff pp -3.40 [-18.06, +11.47]  (n 45, 33 games)  MDE pre-run 18.48 / bootstrap 20.69
  rush_attempts|w=6|all              implied 0.5449 realised 0.5385  diff pp -0.64 [-8.69, +7.75]  (n 156, 48 games)  MDE pre-run 10.73 / bootstrap 11.83
  SURVIVOR receptions|w=1|0.10-0.20: -2.03 [-3.47, -0.62]* (n 1333, 48 games)  pre-run MDE 2.07pp  exceeds it: False  (realised below implied)
    COST LINE receptions|w=1|0.10-0.20: sell the interval, 100 a leg, 495 of 1333 with depth; two-leg cost 4.69c against a 2.03pp gap at the mid; thinner-leg touch p50 75; realised net pp -3.56 [-6.27, -0.93]* (n 495, 18 games)
  SURVIVOR receptions|w=2|0.10-0.20: +4.05 [+1.24, +6.75]* (n 569, 48 games)  pre-run MDE 4.45pp  exceeds it: False  (realised above implied)
    COST LINE receptions|w=2|0.10-0.20: buy the interval, 100 a leg, 194 of 569 with depth; two-leg cost 3.88c against a 4.05pp gap at the mid; thinner-leg touch p50 34; realised net pp +0.19 [-4.39, +5.24]  (n 194, 18 games)
  SURVIVOR receptions|w=2|0.20-0.30: -4.47 [-7.77, -1.19]* (n 600, 48 games)  pre-run MDE 4.79pp  exceeds it: False  (realised below implied)
    COST LINE receptions|w=2|0.20-0.30: sell the interval, 100 a leg, 208 of 600 with depth; two-leg cost 4.48c against a 4.47pp gap at the mid; thinner-leg touch p50 100; realised net pp -1.75 [-6.87, +3.42]  (n 208, 18 games)
  SURVIVOR receptions|w=3|0.05-0.10: -8.32 [-8.82, -7.88]* (n 22, 18 games)  pre-run MDE 17.09pp  exceeds it: False  (realised below implied)
    COST LINE receptions|w=3|0.05-0.10: sell the interval, 100 a leg, 5 of 22 with depth; two-leg cost 3.76c against a 8.32pp gap at the mid; thinner-leg touch p50 29; realised net pp +5.34 [+3.79, +6.38]* (n 5, 5 games)
  SURVIVOR receptions|w=3|0.45-0.60: -5.83 [-10.11, -1.37]* (n 648, 48 games)  pre-run MDE 6.21pp  exceeds it: False  (realised below implied)
    COST LINE receptions|w=3|0.45-0.60: sell the interval, 100 a leg, 230 of 648 with depth; two-leg cost 4.57c against a 5.83pp gap at the mid; thinner-leg touch p50 92; realised net pp +0.44 [-5.93, +6.35]  (n 230, 18 games)
  SURVIVOR receptions|w=3|all: -2.85 [-5.07, -0.81]* (n 1862, 48 games)  pre-run MDE 3.41pp  exceeds it: False  (realised below implied)
    COST LINE receptions|w=3|all: sell the interval, 100 a leg, 669 of 1862 with depth; two-leg cost 4.24c against a 2.85pp gap at the mid; thinner-leg touch p50 100; realised net pp -3.39 [-7.21, +0.44]  (n 669, 18 games)
  VERDICT, calibration (pre-registered rule): a deviation survives correction below its MDE  [pre-run MDE over the readable cells: median 7.66pp, min 0.98, max 50.42]
  bootstrap SE over the pre-run (independent-ladder) SE: p50 0.98, p90 1.10

== The 2026 pre-check: stated direction against the result ==
  S_2    predicted < 0  implied 0.3748 realised 0.3543  diff pp -2.05 [-7.16, +3.36]  (n 350, 48 games)  pre-run MDE 7.16  -> not detected
  S_3    predicted < 0  implied 0.5052 realised 0.4509  diff pp -5.42 [-9.64, -0.76]* (n 581, 48 games)  pre-run MDE 6.62  -> confirmed in direction  BH
  S_4    predicted < 0  implied 0.6010 realised 0.5471  diff pp -5.39 [-9.50, -1.26]* (n 669, 48 games)  pre-run MDE 6.55  -> confirmed in direction  BH
  S_5    predicted < 0  implied 0.6689 realised 0.6409  diff pp -2.80 [-6.84, +1.07]  (n 660, 48 games)  pre-run MDE 6.65  -> not detected
  S_6    predicted < 0  implied 0.7221 realised 0.6972  diff pp -2.49 [-7.51, +2.30]  (n 535, 48 games)  pre-run MDE 7.05  -> not detected
  S_7    predicted < 0  implied 0.7737 realised 0.7438  diff pp -2.99 [-9.64, +3.14]  (n 324, 48 games)  pre-run MDE 8.35  -> not detected
  S_all  predicted < 0  implied 0.6245 realised 0.5881  diff pp -3.64 [-7.62, +0.26]  (n 3336, 48 games)  pre-run MDE 6.09  -> not detected
  U      predicted > 0  implied 0.0873 realised 0.1017  diff pp +1.44 [-0.31, +3.28]  (n 2242, 48 games)  pre-run MDE 3.08  -> not detected
  Lo     predicted > 0  implied 0.1092 realised 0.1373  diff pp +2.81 [-3.43, +9.51]  (n 102, 44 games)  pre-run MDE 9.28  -> not detected
  READING (pre-registered): straddling intervals over-priced - not detected; upper-wing intervals under-priced - not detected

== Answer 3 - what the second leg costs (executable VWAP + taker fee; no verdict) ==
  -- BUY the interval, 100 contracts a leg: pairs with depth on both legs 3656 of 11145, games 18
     receptions w=1             n  987 g 18  value 0.126  two-leg 4.30c (p50 4.30, fee 2.14; lower 2.09 + upper 2.21)  single 1.86c  diff c +2.44 [+2.34, +2.54]* (n 987, 18 games)
                                share of value 34.1%  break-even probit p50 0.195 vs single 0.092  capital 1.169  thinner-leg touch p50 45  single's mid off by 0.018
     receptions w=2             n  801 g 18  value 0.255  two-leg 4.33c (p50 4.25, fee 2.16; lower 2.20 + upper 2.14)  single 2.25c  diff c +2.08 [+1.97, +2.21]* (n 801, 18 games)
                                share of value 17.0%  break-even probit p50 0.136 vs single 0.069  capital 1.299  thinner-leg touch p50 41  single's mid off by 0.030
     receptions w=3             n  615 g 18  value 0.384  two-leg 4.35c (p50 4.29, fee 2.10; lower 2.27 + upper 2.07)  single 2.41c  diff c +1.94 [+1.79, +2.09]* (n 615, 18 games)
                                share of value 11.3%  break-even probit p50 0.117 vs single 0.057  capital 1.427  thinner-leg touch p50 38  single's mid off by 0.034
     receptions w=4             n  442 g 18  value 0.505  two-leg 4.30c (p50 4.26, fee 1.96; lower 2.30 + upper 2.00)  single 2.49c  diff c +1.81 [+1.66, +1.97]* (n 442, 18 games)
                                share of value 8.5%  break-even probit p50 0.113 vs single 0.057  capital 1.548  thinner-leg touch p50 36  single's mid off by 0.033
     receptions w=5             n  302 g 18  value 0.614  two-leg 4.15c (p50 4.09, fee 1.72; lower 2.24 + upper 1.91)  single 2.54c  diff c +1.61 [+1.45, +1.79]* (n 302, 18 games)
                                share of value 6.7%  break-even probit p50 0.115 vs single 0.069  capital 1.656  thinner-leg touch p50 36  single's mid off by 0.028
     receptions w=6             n  187 g 18  value 0.704  two-leg 3.94c (p50 3.91, fee 1.44; lower 2.16 + upper 1.78)  single 2.48c  diff c +1.46 [+1.23, +1.72]* (n 187, 18 games)
                                share of value 5.6%  break-even probit p50 0.121 vs single 0.076  capital 1.744  thinner-leg touch p50 39  single's mid off by 0.025
     receptions w=7             n   98 g 18  value 0.771  two-leg 3.72c (p50 3.63, fee 1.17; lower 2.03 + upper 1.69)  single 2.32c  diff c +1.40 [+1.20, +1.62]* (n 98, 18 games)
                                share of value 4.8%  break-even probit p50 0.131 vs single 0.085  capital 1.808  thinner-leg touch p50 58  single's mid off by 0.023
     receptions mass <0.05      n  171 g 18  value 0.034  two-leg 3.24c (p50 3.20, fee 0.72; lower 1.52 + upper 1.71)  single 1.43c  diff c +1.81 [+1.64, +1.98]* (n 171, 18 games)
                                share of value 94.6%  break-even probit p50 0.322 vs single 0.156  capital 1.067  thinner-leg touch p50 37  single's mid off by 0.009
     receptions mass 0.05-0.10  n  263 g 18  value 0.075  two-leg 3.70c (p50 3.65, fee 1.28; lower 1.88 + upper 1.82)  single 1.65c  diff c +2.05 [+1.91, +2.21]* (n 263, 18 games)
                                share of value 49.6%  break-even probit p50 0.227 vs single 0.105  capital 1.112  thinner-leg touch p50 38  single's mid off by 0.012
     receptions mass 0.10-0.20  n  762 g 18  value 0.150  two-leg 4.38c (p50 4.33, fee 2.21; lower 2.19 + upper 2.19)  single 2.00c  diff c +2.37 [+2.24, +2.51]* (n 762, 18 games)
                                share of value 29.1%  break-even probit p50 0.172 vs single 0.077  capital 1.194  thinner-leg touch p50 45  single's mid off by 0.021
     receptions mass 0.20-0.30  n  474 g 18  value 0.245  two-leg 4.49c (p50 4.46, fee 2.39; lower 2.35 + upper 2.14)  single 2.31c  diff c +2.18 [+2.07, +2.30]* (n 474, 18 games)
                                share of value 18.3%  break-even probit p50 0.136 vs single 0.071  capital 1.290  thinner-leg touch p50 46  single's mid off by 0.031
     receptions mass 0.30-0.45  n  672 g 18  value 0.370  two-leg 4.50c (p50 4.39, fee 2.42; lower 2.34 + upper 2.16)  single 2.53c  diff c +1.96 [+1.84, +2.09]* (n 672, 18 games)
                                share of value 12.2%  break-even probit p50 0.114 vs single 0.057  capital 1.415  thinner-leg touch p50 45  single's mid off by 0.035
     receptions mass 0.45-0.60  n  516 g 18  value 0.523  two-leg 4.48c (p50 4.39, fee 2.17; lower 2.36 + upper 2.12)  single 2.36c  diff c +2.12 [+1.93, +2.30]* (n 516, 18 games)
                                share of value 8.6%  break-even probit p50 0.111 vs single 0.057  capital 1.568  thinner-leg touch p50 36  single's mid off by 0.036
     receptions mass >=0.60     n  574 g 18  value 0.707  two-leg 4.04c (p50 3.99, fee 1.53; lower 2.07 + upper 1.97)  single 2.55c  diff c +1.49 [+1.31, +1.70]* (n 574, 18 games)
                                share of value 5.7%  break-even probit p50 0.122 vs single 0.076  capital 1.748  thinner-leg touch p50 37  single's mid off by 0.027
     rush_attempts w=3          n  112 g 18  value 0.272  two-leg 6.07c (p50 5.46, fee 2.82; lower 2.87 + upper 3.20)  single 3.94c  diff c +2.13 [+1.31, +2.69]* (n 112, 18 games)
                                share of value 22.3%  break-even probit p50 0.165 vs single 0.081  capital 1.333  thinner-leg touch p50 50  single's mid off by 0.049
     rush_attempts w=6          n   55 g 18  value 0.539  two-leg 6.87c (p50 5.78, fee 2.21; lower 3.10 + upper 3.77)  single 2.92c  diff c +3.95 [+3.01, +5.09]* (n 55, 18 games)
                                share of value 12.7%  break-even probit p50 0.152 vs single 0.069  capital 1.608  thinner-leg touch p50 38  single's mid off by 0.046
     rush_attempts mass 0.10-0.20 n   16 g 12  value 0.185  two-leg 6.86c (p50 5.69, fee 2.89; lower 2.77 + upper 4.10)  single 5.21c  diff c +1.66 [+0.01, +3.33]* (n 16, 12 games)
                                share of value 37.1%  break-even probit p50 0.194 vs single 0.089  capital 1.254  thinner-leg touch p50 95  single's mid off by 0.059
     rush_attempts mass 0.20-0.30 n   63 g 18  value 0.243  two-leg 6.06c (p50 5.51, fee 3.00; lower 3.03 + upper 3.03)  single 4.37c  diff c +1.69 [+0.62, +2.53]* (n 63, 18 games)
                                share of value 24.9%  break-even probit p50 0.168 vs single 0.091  capital 1.304  thinner-leg touch p50 50  single's mid off by 0.029
     rush_attempts mass 0.30-0.45 n   50 g 16  value 0.385  two-leg 6.11c (p50 5.58, fee 2.57; lower 2.85 + upper 3.27)  single 2.59c  diff c +3.52 [+2.69, +4.56]* (n 50, 16 games)
                                share of value 15.9%  break-even probit p50 0.142 vs single 0.058  capital 1.446  thinner-leg touch p50 46  single's mid off by 0.066
     rush_attempts mass 0.45-0.60 n   23 g 12  value 0.510  two-leg 7.44c (p50 5.82, fee 2.33; lower 3.35 + upper 4.09)  single 2.81c  diff c +4.63 [+2.84, +6.47]* (n 23, 12 games)
                                share of value 14.6%  break-even probit p50 0.15 vs single 0.057  capital 1.584  thinner-leg touch p50 50  single's mid off by 0.032
     rush_attempts mass >=0.60  n   15 g 10  value 0.727  two-leg 5.96c (p50 5.47, fee 1.36; lower 2.52 + upper 3.44)  single 3.28c  diff c +2.68 [+1.77, +3.80]* (n 15, 10 games)
                                share of value 8.2%  break-even probit p50 0.204 vs single 0.118  capital 1.787  thinner-leg touch p50 27  single's mid off by 0.084
     ALL tested widths          n 3599 g 18  value 0.345  two-leg 4.36c (p50 4.28, fee 2.04; lower 2.22 + upper 2.14)  single 2.30c  diff c +2.06 [+1.94, +2.17]* (n 3599, 18 games)
                                share of value 12.7%  break-even probit p50 0.137 vs single 0.070  capital 1.389  thinner-leg touch p50 40  single's mid off by 0.028
  -- SELL the interval, 100 contracts a leg: pairs with depth on both legs 3939 of 11145, games 18
     receptions w=1             n 1030 g 18  value 0.878  two-leg 4.25c (p50 4.25, fee 2.13; lower 2.31 + upper 1.94)  single 2.01c  diff c +2.23 [+2.13, +2.33]* (n 1030, 18 games)
                                share of value 4.8%  break-even probit p50 0.244 vs single 0.110  capital 0.920  thinner-leg touch p50 52  single's mid off by 0.019
     receptions w=2             n  854 g 18  value 0.753  two-leg 4.26c (p50 4.19, fee 2.18; lower 2.40 + upper 1.86)  single 2.34c  diff c +1.92 [+1.80, +2.04]* (n 854, 18 games)
                                share of value 5.7%  break-even probit p50 0.148 vs single 0.080  capital 0.796  thinner-leg touch p50 68  single's mid off by 0.030
     receptions w=3             n  669 g 18  value 0.627  two-leg 4.24c (p50 4.12, fee 2.19; lower 2.48 + upper 1.77)  single 2.40c  diff c +1.84 [+1.67, +2.00]* (n 669, 18 games)
                                share of value 6.8%  break-even probit p50 0.117 vs single 0.058  capital 0.669  thinner-leg touch p50 100  single's mid off by 0.034
     receptions w=4             n  487 g 18  value 0.504  two-leg 4.19c (p50 4.08, fee 2.12; lower 2.49 + upper 1.70)  single 2.50c  diff c +1.68 [+1.50, +1.90]* (n 487, 18 games)
                                share of value 8.3%  break-even probit p50 0.109 vs single 0.057  capital 0.546  thinner-leg touch p50 137  single's mid off by 0.033
     receptions w=5             n  338 g 18  value 0.392  two-leg 4.10c (p50 4.04, fee 1.94; lower 2.46 + upper 1.64)  single 2.47c  diff c +1.64 [+1.44, +1.86]* (n 338, 18 games)
                                share of value 10.5%  break-even probit p50 0.105 vs single 0.057  capital 0.433  thinner-leg touch p50 184  single's mid off by 0.028
     receptions w=6             n  214 g 18  value 0.296  two-leg 4.04c (p50 3.96, fee 1.68; lower 2.44 + upper 1.60)  single 2.38c  diff c +1.66 [+1.40, +1.95]* (n 214, 18 games)
                                share of value 13.7%  break-even probit p50 0.113 vs single 0.070  capital 0.336  thinner-leg touch p50 126  single's mid off by 0.026
     receptions w=7             n  113 g 18  value 0.226  two-leg 4.00c (p50 3.88, fee 1.44; lower 2.37 + upper 1.63)  single 2.22c  diff c +1.78 [+1.45, +2.13]* (n 113, 18 games)
                                share of value 17.7%  break-even probit p50 0.124 vs single 0.073  capital 0.266  thinner-leg touch p50 79  single's mid off by 0.024
     receptions mass <0.05      n  205 g 18  value 0.966  two-leg 3.17c (p50 3.21, fee 0.74; lower 1.76 + upper 1.40)  single 1.74c  diff c +1.43 [+1.30, +1.57]* (n 205, 18 games)
                                share of value 3.3%  break-even probit p50 0.622 vs single 0.272  capital 0.998  thinner-leg touch p50 41  single's mid off by 0.013
     receptions mass 0.05-0.10  n  293 g 18  value 0.926  two-leg 3.72c (p50 3.68, fee 1.28; lower 2.14 + upper 1.57)  single 1.80c  diff c +1.91 [+1.72, +2.10]* (n 293, 18 games)
                                share of value 4.0%  break-even probit p50 0.34 vs single 0.148  capital 0.963  thinner-leg touch p50 39  single's mid off by 0.014
     receptions mass 0.10-0.20  n  811 g 18  value 0.850  two-leg 4.38c (p50 4.34, fee 2.21; lower 2.46 + upper 1.91)  single 2.09c  diff c +2.29 [+2.17, +2.39]* (n 811, 18 games)
                                share of value 5.2%  break-even probit p50 0.209 vs single 0.095  capital 0.894  thinner-leg touch p50 50  single's mid off by 0.021
     receptions mass 0.20-0.30  n  506 g 18  value 0.755  two-leg 4.46c (p50 4.35, fee 2.43; lower 2.57 + upper 1.89)  single 2.51c  diff c +1.95 [+1.83, +2.08]* (n 506, 18 games)
                                share of value 5.9%  break-even probit p50 0.15 vs single 0.085  capital 0.799  thinner-leg touch p50 80  single's mid off by 0.031
     receptions mass 0.30-0.45  n  716 g 18  value 0.629  two-leg 4.32c (p50 4.16, fee 2.52; lower 2.43 + upper 1.90)  single 2.55c  diff c +1.77 [+1.65, +1.90]* (n 716, 18 games)
                                share of value 6.9%  break-even probit p50 0.113 vs single 0.057  capital 0.672  thinner-leg touch p50 280  single's mid off by 0.035
     receptions mass 0.45-0.60  n  542 g 18  value 0.477  two-leg 4.31c (p50 4.11, fee 2.33; lower 2.50 + upper 1.82)  single 2.36c  diff c +1.95 [+1.75, +2.19]* (n 542, 18 games)
                                share of value 9.1%  break-even probit p50 0.103 vs single 0.057  capital 0.520  thinner-leg touch p50 225  single's mid off by 0.036
     receptions mass >=0.60     n  632 g 18  value 0.292  two-leg 4.13c (p50 4.00, fee 1.76; lower 2.44 + upper 1.70)  single 2.43c  diff c +1.70 [+1.43, +2.01]* (n 632, 18 games)
                                share of value 14.2%  break-even probit p50 0.115 vs single 0.070  capital 0.333  thinner-leg touch p50 65  single's mid off by 0.027
     rush_attempts w=3          n  113 g 18  value 0.727  two-leg 7.26c (p50 5.67, fee 3.04; lower 4.25 + upper 3.01)  single 3.38c  diff c +3.88 [+3.23, +4.55]* (n 113, 18 games)
                                share of value 10.0%  break-even probit p50 0.196 vs single 0.082  capital 0.800  thinner-leg touch p50 55  single's mid off by 0.049
     rush_attempts w=6          n   56 g 18  value 0.457  two-leg 9.35c (p50 6.66, fee 2.63; lower 5.89 + upper 3.46)  single 2.75c  diff c +6.60 [+5.26, +7.93]* (n 56, 18 games)
                                share of value 20.5%  break-even probit p50 0.172 vs single 0.069  capital 0.550  thinner-leg touch p50 11  single's mid off by 0.047
     rush_attempts mass 0.10-0.20 n   16 g 12  value 0.815  two-leg 7.08c (p50 5.17, fee 3.07; lower 3.92 + upper 3.16)  single 3.61c  diff c +3.47 [+1.89, +5.10]* (n 16, 12 games)
                                share of value 8.7%  break-even probit p50 0.207 vs single 0.089  capital 0.886  thinner-leg touch p50 80  single's mid off by 0.059
     rush_attempts mass 0.20-0.30 n   63 g 18  value 0.757  two-leg 6.62c (p50 5.56, fee 3.16; lower 3.55 + upper 3.08)  single 3.48c  diff c +3.14 [+2.45, +3.92]* (n 63, 18 games)
                                share of value 8.8%  break-even probit p50 0.196 vs single 0.093  capital 0.823  thinner-leg touch p50 55  single's mid off by 0.029
     rush_attempts mass 0.30-0.45 n   51 g 16  value 0.616  two-leg 7.86c (p50 6.05, fee 2.85; lower 4.69 + upper 3.17)  single 2.94c  diff c +4.92 [+4.02, +5.98]* (n 51, 16 games)
                                share of value 12.8%  break-even probit p50 0.164 vs single 0.070  capital 0.695  thinner-leg touch p50 46  single's mid off by 0.066
     rush_attempts mass 0.45-0.60 n   23 g 12  value 0.490  two-leg 10.33c (p50 7.23, fee 2.79; lower 6.80 + upper 3.53)  single 2.56c  diff c +7.77 [+4.79, +11.16]* (n 23, 12 games)
                                share of value 21.1%  break-even probit p50 0.183 vs single 0.057  capital 0.593  thinner-leg touch p50 11  single's mid off by 0.032
     rush_attempts mass >=0.60  n   16 g 11  value 0.270  two-leg 10.94c (p50 8.97, fee 2.03; lower 8.00 + upper 2.94)  single 3.12c  diff c +7.82 [+5.62, +9.99]* (n 16, 11 games)
                                share of value 40.5%  break-even probit p50 0.247 vs single 0.124  capital 0.379  thinner-leg touch p50 3  single's mid off by 0.084
     ALL tested widths          n 3874 g 18  value 0.656  two-leg 4.37c (p50 4.17, fee 2.12; lower 2.51 + upper 1.86)  single 2.33c  diff c +2.04 [+1.89, +2.19]* (n 3874, 18 games)
                                share of value 6.7%  break-even probit p50 0.142 vs single 0.074  capital 0.700  thinner-leg touch p50 82  single's mid off by 0.028
  -- BUY the interval, 500 contracts a leg: pairs with depth on both legs 3467 of 11145, games 18
     receptions w=1             n  952 g 18  value 0.129  two-leg 4.95c (p50 4.92, fee 2.16; lower 2.26 + upper 2.69)  single 2.09c  diff c +2.86 [+2.70, +3.01]* (n 952, 18 games)
                                share of value 38.3%  break-even probit p50 0.216 vs single 0.095  capital 1.179  thinner-leg touch p50 44  single's mid off by 0.018
     receptions w=2             n  766 g 18  value 0.262  two-leg 5.01c (p50 4.94, fee 2.17; lower 2.38 + upper 2.63)  single 2.51c  diff c +2.50 [+2.31, +2.68]* (n 766, 18 games)
                                share of value 19.1%  break-even probit p50 0.152 vs single 0.075  capital 1.312  thinner-leg touch p50 41  single's mid off by 0.030
     receptions w=3             n  580 g 18  value 0.391  two-leg 5.06c (p50 4.98, fee 2.10; lower 2.45 + upper 2.62)  single 2.62c  diff c +2.44 [+2.19, +2.68]* (n 580, 18 games)
                                share of value 13.0%  break-even probit p50 0.135 vs single 0.059  capital 1.441  thinner-leg touch p50 38  single's mid off by 0.034
     receptions w=4             n  417 g 18  value 0.513  two-leg 5.03c (p50 4.94, fee 1.92; lower 2.46 + upper 2.57)  single 2.68c  diff c +2.36 [+2.08, +2.62]* (n 417, 18 games)
                                share of value 9.8%  break-even probit p50 0.132 vs single 0.057  capital 1.564  thinner-leg touch p50 36  single's mid off by 0.033
     receptions w=5             n  279 g 18  value 0.620  two-leg 4.85c (p50 4.75, fee 1.67; lower 2.39 + upper 2.46)  single 2.88c  diff c +1.97 [+1.66, +2.32]* (n 279, 18 games)
                                share of value 7.8%  break-even probit p50 0.135 vs single 0.075  capital 1.669  thinner-leg touch p50 35  single's mid off by 0.028
     receptions w=6             n  170 g 18  value 0.707  two-leg 4.64c (p50 4.64, fee 1.38; lower 2.33 + upper 2.31)  single 2.87c  diff c +1.76 [+1.42, +2.18]* (n 170, 18 games)
                                share of value 6.6%  break-even probit p50 0.143 vs single 0.087  capital 1.754  thinner-leg touch p50 38  single's mid off by 0.025
     receptions w=7             n   86 g 18  value 0.768  two-leg 4.45c (p50 4.34, fee 1.13; lower 2.34 + upper 2.11)  single 2.87c  diff c +1.58 [+1.25, +1.92]* (n 86, 18 games)
                                share of value 5.8%  break-even probit p50 0.156 vs single 0.097  capital 1.813  thinner-leg touch p50 50  single's mid off by 0.023
     receptions mass <0.05      n  143 g 17  value 0.034  two-leg 3.76c (p50 3.63, fee 0.71; lower 1.65 + upper 2.11)  single 1.46c  diff c +2.30 [+2.05, +2.56]* (n 143, 17 games)
                                share of value 110.6%  break-even probit p50 0.355 vs single 0.161  capital 1.072  thinner-leg touch p50 35  single's mid off by 0.009
     receptions mass 0.05-0.10  n  242 g 18  value 0.075  two-leg 4.44c (p50 4.28, fee 1.28; lower 2.07 + upper 2.38)  single 1.80c  diff c +2.64 [+2.38, +2.94]* (n 242, 18 games)
                                share of value 59.3%  break-even probit p50 0.259 vs single 0.114  capital 1.119  thinner-leg touch p50 37  single's mid off by 0.012
     receptions mass 0.10-0.20  n  730 g 18  value 0.150  two-leg 5.05c (p50 5.04, fee 2.23; lower 2.37 + upper 2.68)  single 2.32c  diff c +2.73 [+2.52, +2.96]* (n 730, 18 games)
                                share of value 33.6%  break-even probit p50 0.193 vs single 0.089  capital 1.201  thinner-leg touch p50 43  single's mid off by 0.020
     receptions mass 0.20-0.30  n  457 g 18  value 0.245  two-leg 5.07c (p50 5.02, fee 2.39; lower 2.50 + upper 2.57)  single 2.56c  diff c +2.51 [+2.31, +2.71]* (n 457, 18 games)
                                share of value 20.7%  break-even probit p50 0.151 vs single 0.074  capital 1.296  thinner-leg touch p50 47  single's mid off by 0.031
     receptions mass 0.30-0.45  n  642 g 18  value 0.370  two-leg 5.17c (p50 4.99, fee 2.41; lower 2.49 + upper 2.68)  single 2.74c  diff c +2.43 [+2.19, +2.64]* (n 642, 18 games)
                                share of value 14.0%  break-even probit p50 0.131 vs single 0.069  capital 1.422  thinner-leg touch p50 44  single's mid off by 0.035
     receptions mass 0.45-0.60  n  493 g 18  value 0.523  two-leg 5.19c (p50 5.11, fee 2.14; lower 2.52 + upper 2.67)  single 2.47c  diff c +2.72 [+2.42, +3.05]* (n 493, 18 games)
                                share of value 9.9%  break-even probit p50 0.131 vs single 0.057  capital 1.575  thinner-leg touch p50 36  single's mid off by 0.036
     receptions mass >=0.60     n  543 g 18  value 0.706  two-leg 4.83c (p50 4.75, fee 1.49; lower 2.28 + upper 2.55)  single 2.97c  diff c +1.86 [+1.53, +2.24]* (n 543, 18 games)
                                share of value 6.8%  break-even probit p50 0.145 vs single 0.086  capital 1.754  thinner-leg touch p50 37  single's mid off by 0.027
     rush_attempts w=3          n  112 g 18  value 0.272  two-leg 7.70c (p50 6.90, fee 2.76; lower 3.53 + upper 4.17)  single 5.01c  diff c +2.69 [+1.70, +3.58]* (n 112, 18 games)
                                share of value 28.3%  break-even probit p50 0.202 vs single 0.111  capital 1.350  thinner-leg touch p50 50  single's mid off by 0.049
     rush_attempts w=6          n   55 g 18  value 0.539  two-leg 9.09c (p50 7.85, fee 2.10; lower 3.97 + upper 5.12)  single 3.69c  diff c +5.40 [+4.27, +6.77]* (n 55, 18 games)
                                share of value 16.8%  break-even probit p50 0.206 vs single 0.069  capital 1.630  thinner-leg touch p50 38  single's mid off by 0.046
     rush_attempts mass 0.10-0.20 n   16 g 12  value 0.185  two-leg 8.25c (p50 6.10, fee 2.85; lower 2.93 + upper 5.32)  single 6.57c  diff c +1.69 [+0.30, +3.43]* (n 16, 12 games)
                                share of value 44.6%  break-even probit p50 0.207 vs single 0.126  capital 1.268  thinner-leg touch p50 95  single's mid off by 0.059
     rush_attempts mass 0.20-0.30 n   63 g 18  value 0.243  two-leg 7.30c (p50 6.88, fee 2.95; lower 3.58 + upper 3.72)  single 5.59c  diff c +1.71 [+0.48, +2.75]* (n 63, 18 games)
                                share of value 30.0%  break-even probit p50 0.207 vs single 0.125  capital 1.316  thinner-leg touch p50 50  single's mid off by 0.029
     rush_attempts mass 0.30-0.45 n   50 g 16  value 0.385  two-leg 8.39c (p50 7.42, fee 2.47; lower 3.85 + upper 4.54)  single 3.23c  diff c +5.16 [+3.47, +6.92]* (n 50, 16 games)
                                share of value 21.8%  break-even probit p50 0.195 vs single 0.069  capital 1.469  thinner-leg touch p50 46  single's mid off by 0.066
     rush_attempts mass 0.45-0.60 n   23 g 12  value 0.510  two-leg 9.28c (p50 7.85, fee 2.24; lower 4.02 + upper 5.26)  single 3.36c  diff c +5.91 [+4.10, +7.78]* (n 23, 12 games)
                                share of value 18.2%  break-even probit p50 0.2 vs single 0.069  capital 1.603  thinner-leg touch p50 50  single's mid off by 0.032
     rush_attempts mass >=0.60  n   15 g 10  value 0.727  two-leg 9.16c (p50 8.52, fee 1.18; lower 3.73 + upper 5.43)  single 4.52c  diff c +4.64 [+3.05, +6.52]* (n 15, 10 games)
                                share of value 12.6%  break-even probit p50 0.316 vs single 0.160  capital 1.819  thinner-leg touch p50 27  single's mid off by 0.084
     ALL tested widths          n 3417 g 18  value 0.346  two-leg 5.11c (p50 4.95, fee 2.04; lower 2.43 + upper 2.69)  single 2.59c  diff c +2.52 [+2.32, +2.74]* (n 3417, 18 games)
                                share of value 14.8%  break-even probit p50 0.159 vs single 0.077  capital 1.398  thinner-leg touch p50 39  single's mid off by 0.028
  -- SELL the interval, 500 contracts a leg: pairs with depth on both legs 3934 of 11145, games 18
     receptions w=1             n 1025 g 18  value 0.877  two-leg 4.86c (p50 4.73, fee 2.11; lower 2.80 + upper 2.06)  single 2.50c  diff c +2.36 [+2.22, +2.51]* (n 1025, 18 games)
                                share of value 5.5%  break-even probit p50 0.269 vs single 0.138  capital 0.926  thinner-leg touch p50 52  single's mid off by 0.020
     receptions w=2             n  854 g 18  value 0.753  two-leg 4.82c (p50 4.74, fee 2.17; lower 2.85 + upper 1.96)  single 2.74c  diff c +2.07 [+1.89, +2.31]* (n 854, 18 games)
                                share of value 6.4%  break-even probit p50 0.167 vs single 0.092  capital 0.801  thinner-leg touch p50 68  single's mid off by 0.030
     receptions w=3             n  669 g 18  value 0.627  two-leg 4.74c (p50 4.58, fee 2.19; lower 2.87 + upper 1.87)  single 2.62c  diff c +2.12 [+1.87, +2.40]* (n 669, 18 games)
                                share of value 7.6%  break-even probit p50 0.129 vs single 0.069  capital 0.674  thinner-leg touch p50 100  single's mid off by 0.034
     receptions w=4             n  487 g 18  value 0.504  two-leg 4.66c (p50 4.44, fee 2.12; lower 2.86 + upper 1.81)  single 2.68c  diff c +1.98 [+1.65, +2.41]* (n 487, 18 games)
                                share of value 9.2%  break-even probit p50 0.118 vs single 0.065  capital 0.551  thinner-leg touch p50 137  single's mid off by 0.033
     receptions w=5             n  338 g 18  value 0.392  two-leg 4.59c (p50 4.23, fee 1.95; lower 2.84 + upper 1.74)  single 2.64c  diff c +1.95 [+1.63, +2.39]* (n 338, 18 games)
                                share of value 11.7%  break-even probit p50 0.114 vs single 0.069  capital 0.438  thinner-leg touch p50 184  single's mid off by 0.028
     receptions w=6             n  214 g 18  value 0.296  two-leg 4.62c (p50 4.22, fee 1.70; lower 2.92 + upper 1.69)  single 2.62c  diff c +2.00 [+1.58, +2.56]* (n 214, 18 games)
                                share of value 15.6%  break-even probit p50 0.124 vs single 0.074  capital 0.342  thinner-leg touch p50 126  single's mid off by 0.026
     receptions w=7             n  113 g 18  value 0.226  two-leg 4.79c (p50 4.17, fee 1.47; lower 3.05 + upper 1.73)  single 2.52c  diff c +2.26 [+1.60, +3.09]* (n 113, 18 games)
                                share of value 21.1%  break-even probit p50 0.139 vs single 0.083  capital 0.274  thinner-leg touch p50 79  single's mid off by 0.024
     receptions mass <0.05      n  201 g 18  value 0.966  two-leg 3.90c (p50 3.87, fee 0.70; lower 2.44 + upper 1.47)  single 2.20c  diff c +1.70 [+1.48, +1.99]* (n 201, 18 games)
                                share of value 4.0%  break-even probit p50 0.658 vs single 0.301  capital 1.005  thinner-leg touch p50 41  single's mid off by 0.017
     receptions mass 0.05-0.10  n  292 g 18  value 0.925  two-leg 4.39c (p50 4.36, fee 1.25; lower 2.73 + upper 1.66)  single 2.32c  diff c +2.07 [+1.81, +2.32]* (n 292, 18 games)
                                share of value 4.7%  break-even probit p50 0.414 vs single 0.197  capital 0.969  thinner-leg touch p50 39  single's mid off by 0.015
     receptions mass 0.10-0.20  n  811 g 18  value 0.850  two-leg 4.99c (p50 4.89, fee 2.19; lower 2.95 + upper 2.03)  single 2.57c  diff c +2.42 [+2.27, +2.56]* (n 811, 18 games)
                                share of value 5.9%  break-even probit p50 0.236 vs single 0.113  capital 0.900  thinner-leg touch p50 50  single's mid off by 0.021
     receptions mass 0.20-0.30  n  506 g 18  value 0.755  two-leg 4.99c (p50 4.90, fee 2.42; lower 2.99 + upper 2.00)  single 2.94c  diff c +2.05 [+1.87, +2.26]* (n 506, 18 games)
                                share of value 6.6%  break-even probit p50 0.168 vs single 0.097  capital 0.805  thinner-leg touch p50 80  single's mid off by 0.031
     receptions mass 0.30-0.45  n  716 g 18  value 0.629  two-leg 4.69c (p50 4.52, fee 2.52; lower 2.68 + upper 2.01)  single 2.79c  diff c +1.90 [+1.72, +2.11]* (n 716, 18 games)
                                share of value 7.5%  break-even probit p50 0.121 vs single 0.071  capital 0.676  thinner-leg touch p50 280  single's mid off by 0.035
     receptions mass 0.45-0.60  n  542 g 18  value 0.477  two-leg 4.73c (p50 4.46, fee 2.33; lower 2.80 + upper 1.94)  single 2.45c  diff c +2.29 [+1.97, +2.68]* (n 542, 18 games)
                                share of value 9.9%  break-even probit p50 0.113 vs single 0.056  capital 0.524  thinner-leg touch p50 225  single's mid off by 0.036
     receptions mass >=0.60     n  632 g 18  value 0.292  two-leg 4.83c (p50 4.44, fee 1.78; lower 3.03 + upper 1.80)  single 2.67c  diff c +2.16 [+1.65, +2.89]* (n 632, 18 games)
                                share of value 16.6%  break-even probit p50 0.128 vs single 0.074  capital 0.340  thinner-leg touch p50 65  single's mid off by 0.027
     rush_attempts w=3          n  113 g 18  value 0.727  two-leg 9.19c (p50 6.64, fee 3.06; lower 5.80 + upper 3.39)  single 4.38c  diff c +4.81 [+3.84, +5.83]* (n 113, 18 games)
                                share of value 12.6%  break-even probit p50 0.232 vs single 0.102  capital 0.819  thinner-leg touch p50 55  single's mid off by 0.049
     rush_attempts w=6          n   56 g 18  value 0.457  two-leg 12.21c (p50 8.23, fee 2.70; lower 8.43 + upper 3.77)  single 2.96c  diff c +9.24 [+7.70, +10.86]* (n 56, 18 games)
                                share of value 26.7%  break-even probit p50 0.215 vs single 0.070  capital 0.579  thinner-leg touch p50 11  single's mid off by 0.047
     rush_attempts mass 0.10-0.20 n   16 g 12  value 0.815  two-leg 8.75c (p50 6.48, fee 3.08; lower 5.48 + upper 3.27)  single 3.90c  diff c +4.85 [+2.74, +6.92]* (n 16, 12 games)
                                share of value 10.7%  break-even probit p50 0.255 vs single 0.100  capital 0.902  thinner-leg touch p50 80  single's mid off by 0.059
     rush_attempts mass 0.20-0.30 n   63 g 18  value 0.757  two-leg 8.18c (p50 6.61, fee 3.18; lower 4.79 + upper 3.40)  single 4.27c  diff c +3.92 [+2.73, +5.39]* (n 63, 18 games)
                                share of value 10.8%  break-even probit p50 0.237 vs single 0.133  capital 0.838  thinner-leg touch p50 55  single's mid off by 0.029
     rush_attempts mass 0.30-0.45 n   51 g 16  value 0.616  two-leg 9.87c (p50 7.36, fee 2.89; lower 6.24 + upper 3.63)  single 4.18c  diff c +5.69 [+4.79, +6.79]* (n 51, 16 games)
                                share of value 16.0%  break-even probit p50 0.201 vs single 0.080  capital 0.715  thinner-leg touch p50 46  single's mid off by 0.066
     rush_attempts mass 0.45-0.60 n   23 g 12  value 0.490  two-leg 13.79c (p50 8.62, fee 2.86; lower 9.66 + upper 4.12)  single 2.86c  diff c +10.93 [+6.79, +16.26]* (n 23, 12 games)
                                share of value 28.1%  break-even probit p50 0.217 vs single 0.069  capital 0.628  thinner-leg touch p50 11  single's mid off by 0.032
     rush_attempts mass >=0.60  n   16 g 11  value 0.270  two-leg 15.38c (p50 10.58, fee 2.18; lower 12.37 + upper 3.01)  single 3.19c  diff c +12.19 [+9.05, +15.21]* (n 16, 11 games)
                                share of value 57.0%  break-even probit p50 0.301 vs single 0.124  capital 0.424  thinner-leg touch p50 3  single's mid off by 0.084
     ALL tested widths          n 3869 g 18  value 0.656  two-leg 5.00c (p50 4.65, fee 2.12; lower 3.02 + upper 1.98)  single 2.68c  diff c +2.32 [+2.09, +2.59]* (n 3869, 18 games)
                                share of value 7.6%  break-even probit p50 0.157 vs single 0.083  capital 0.705  thinner-leg touch p50 82  single's mid off by 0.028
