ladders 725; rungs 3987; games 48; fees {'snapshot:KXNFLREC': ['quadratic', 1.0], 'snapshot:KXNFLRSHATT': ['quadratic', 1.0], 'live:KXNFLREC': ['quadratic', 1], 'live:KXNFLRSHATT': ['quadratic', 1]}
intervals 11145 on 709 ladders; by position {'adjacent': 5312, 'straddle': 3486, 'upper wing': 2242, 'lower wing': 102, 'no central rung': 3}
== PRE-RUN MDE (no outcome read): 2.8 x sd of the statistic under the ladder's own cells ==
  family   receptions|w=1|<0.05               n   607 ladders  432 games  48  implied 0.0303  MDE 0.0194
  family   receptions|w=1|0.05-0.10           n   569 ladders  442 games  48  implied 0.0741  MDE 0.0305
  family   receptions|w=1|0.10-0.20           n  1333 ladders  512 games  48  implied 0.1493  MDE 0.0207
  family   receptions|w=1|0.20-0.30           n   406 ladders  335 games  48  implied 0.2249  MDE 0.0549
  family   receptions|w=1|0.30-0.45           n    18 ladders   18 games  15  implied 0.3461  MDE 0.3131
  family   receptions|w=1|all                 n  2933 ladders  537 games  48  implied 0.1218  MDE 0.0098
  family   receptions|w=2|<0.05               n    42 ladders   39 games  26  implied 0.0394  MDE 0.0854
  family   receptions|w=2|0.05-0.10           n   273 ladders  256 games  48  implied 0.0740  MDE 0.0462
  family   receptions|w=2|0.10-0.20           n   569 ladders  457 games  48  implied 0.1475  MDE 0.0445
  family   receptions|w=2|0.20-0.30           n   600 ladders  401 games  48  implied 0.2513  MDE 0.0479
  family   receptions|w=2|0.30-0.45           n   891 ladders  480 games  48  implied 0.3613  MDE 0.0475
  family   receptions|w=2|0.45-0.60           n    22 ladders   22 games  18  implied 0.5041  MDE 0.3042
  family   receptions|w=2|all                 n  2397 ladders  535 games  48  implied 0.2460  MDE 0.0213
  family   receptions|w=3|0.05-0.10           n    22 ladders   21 games  18  implied 0.0832  MDE 0.1709
  family   receptions|w=3|0.10-0.20           n   249 ladders  226 games  48  implied 0.1555  MDE 0.0672
  family   receptions|w=3|0.20-0.30           n   330 ladders  315 games  48  implied 0.2488  MDE 0.0688
  family   receptions|w=3|0.30-0.45           n   609 ladders  414 games  48  implied 0.3811  MDE 0.0591
  family   receptions|w=3|0.45-0.60           n   648 ladders  398 games  48  implied 0.5120  MDE 0.0621
  family   receptions|w=3|>=0.60              n     4 ladders    4 games   4  implied 0.6100  MDE 0.6990
  family   receptions|w=3|all                 n  1862 ladders  500 games  48  implied 0.3700  MDE 0.0341
  family   receptions|w=4|0.05-0.10           n     1 ladders    1 games   1  implied 0.0950  MDE 0.8013
  family   receptions|w=4|0.10-0.20           n    26 ladders   23 games  19  implied 0.1708  MDE 0.2225
  family   receptions|w=4|0.20-0.30           n   134 ladders  132 games  44  implied 0.2543  MDE 0.1047
  family   receptions|w=4|0.30-0.45           n   319 ladders  292 games  48  implied 0.3755  MDE 0.0791
  family   receptions|w=4|0.45-0.60           n   504 ladders  367 games  48  implied 0.5265  MDE 0.0716
  family   receptions|w=4|>=0.60              n   379 ladders  296 games  48  implied 0.6436  MDE 0.0753
  family   receptions|w=4|all                 n  1363 ladders  413 games  48  implied 0.4898  MDE 0.0478
  family   receptions|w=5|0.10-0.20           n     3 ladders    3 games   3  implied 0.1933  MDE 0.6448
  family   receptions|w=5|0.20-0.30           n    12 ladders   11 games  11  implied 0.2625  MDE 0.3753
  family   receptions|w=5|0.30-0.45           n   123 ladders  116 games  44  implied 0.3859  MDE 0.1244
  family   receptions|w=5|0.45-0.60           n   260 ladders  234 games  48  implied 0.5345  MDE 0.0935
  family   receptions|w=5|>=0.60              n   552 ladders  332 games  48  implied 0.6887  MDE 0.0685
  family   receptions|w=5|all                 n   950 ladders  346 games  48  implied 0.6003  MDE 0.0602
  family   receptions|w=6|0.30-0.45           n    20 ladders   17 games  16  implied 0.3870  MDE 0.3265
  family   receptions|w=6|0.45-0.60           n    86 ladders   85 games  41  implied 0.5380  MDE 0.1543
  family   receptions|w=6|>=0.60              n   498 ladders  269 games  48  implied 0.7330  MDE 0.0706
  family   receptions|w=6|all                 n   604 ladders  269 games  48  implied 0.6938  MDE 0.0710
  family   receptions|w=7|0.30-0.45           n     3 ladders    3 games   3  implied 0.4450  MDE 0.7922
  family   receptions|w=7|0.45-0.60           n    15 ladders   15 games  14  implied 0.5377  MDE 0.3625
  family   receptions|w=7|>=0.60              n   317 ladders  178 games  48  implied 0.7781  MDE 0.0828
  family   receptions|w=7|all                 n   335 ladders  178 games  48  implied 0.7644  MDE 0.0849
  family   rush_attempts|w=3|0.10-0.20        n    32 ladders   31 games  27  implied 0.1806  MDE 0.1877
  family   rush_attempts|w=3|0.20-0.30        n   184 ladders  118 games  48  implied 0.2403  MDE 0.0779
  family   rush_attempts|w=3|0.30-0.45        n   104 ladders   72 games  38  implied 0.3570  MDE 0.1057
  family   rush_attempts|w=3|0.45-0.60        n     8 ladders    8 games   7  implied 0.4800  MDE 0.5042
  family   rush_attempts|w=3|all              n   328 ladders  172 games  48  implied 0.2773  MDE 0.0532
  family   rush_attempts|w=6|0.30-0.45        n    46 ladders   46 games  32  implied 0.4223  MDE 0.2088
  family   rush_attempts|w=6|0.45-0.60        n    65 ladders   65 games  33  implied 0.5084  MDE 0.1697
  family   rush_attempts|w=6|>=0.60           n    45 ladders   45 games  33  implied 0.7229  MDE 0.1848
  family   rush_attempts|w=6|all              n   156 ladders  156 games  48  implied 0.5449  MDE 0.1073
  precheck S_2                                n   350 ladders  350 games  48  implied 0.3748  MDE 0.0716
  precheck S_3                                n   581 ladders  350 games  48  implied 0.5052  MDE 0.0662
  precheck S_4                                n   669 ladders  350 games  48  implied 0.6010  MDE 0.0655
  precheck S_5                                n   660 ladders  335 games  48  implied 0.6689  MDE 0.0665
  precheck S_6                                n   535 ladders  269 games  48  implied 0.7221  MDE 0.0705
  precheck S_7                                n   324 ladders  178 games  48  implied 0.7737  MDE 0.0835
  precheck S_all                              n  3336 ladders  350 games  48  implied 0.6245  MDE 0.0609
  precheck U                                  n  2242 ladders  500 games  48  implied 0.0873  MDE 0.0308
  precheck Lo                                 n   102 ladders   88 games  44  implied 0.1092  MDE 0.0928
  family cells that exist: 50 of 72; on >= 5 games 46; MDE median 0.0766 min 0.0098 max 0.5042
