
================ receptions ================
POPULATION
  bench_rungs                        11,208
  drop_not_regular_season               640
  drop_position                          32
  drop_push_on_line                       0
  drop_void                               9
  history_rows_without_game               0
  rb_games                              813
  rb_player_games                     9,450
  rb_rungs                           10,527
  rb_rungs_RB                         2,537
  rb_rungs_TE                         2,428
  rb_rungs_WR                         5,562
  rungs_all_books                    20,061

RB: n 10,527  over rate 0.4704  mean p 0.4943 (sd 0.0714, 40.1% in [0.45, 0.55])  Brier close 0.2445  Brier 0.5 0.2500

COEFFICIENTS (probability per sd of the candidate; game-block bootstrap)
  pop cut     candidate          b          95% interval       Bonferroni (84)       SE     MDE        p   Holm p  missing      n
  RB  pooled  form_gap     +0.0059  [-0.0035, +0.0150]  [-0.0102, +0.0220]   0.0047  0.0131   0.2099   1.0000      141 10,527
  RB  pooled  last_game    -0.0043  [-0.0144, +0.0056]  [-0.0216, +0.0130]   0.0050  0.0141   0.3929   1.0000      669 10,527
  RB  pooled  book_gap     +0.0140  [+0.0037, +0.0246]  [-0.0041, +0.0320]   0.0053  0.0147   0.0078   0.6401        0 10,527
  RB  pooled  line_pos     -0.0042  [-0.0119, +0.0037]  [-0.0177, +0.0093]   0.0039  0.0110   0.2853   1.0000        0 10,527
  RB  pooled  team_total   +0.0019  [-0.0088, +0.0122]  [-0.0168, +0.0206]   0.0054  0.0153   0.7309   1.0000      179 10,527
  RB  pooled  log_line     -0.0060  [-0.0156, +0.0041]  [-0.0231, +0.0111]   0.0050  0.0140   0.2297   1.0000        0 10,527
  RB  2023    form_gap     +0.0058  [-0.0106, +0.0218]  [-0.0230, +0.0346]   0.0084  0.0235   0.4889   1.0000       45  3,252
  RB  2023    last_game    -0.0114  [-0.0312, +0.0078]  [-0.0457, +0.0229]   0.0100  0.0280   0.2526   1.0000      216  3,252
  RB  2023    book_gap     +0.0182  [-0.0005, +0.0381]  [-0.0152, +0.0516]   0.0097  0.0272   0.0610   1.0000        0  3,252
  RB  2023    line_pos     -0.0041  [-0.0186, +0.0103]  [-0.0297, +0.0215]   0.0075  0.0209   0.5842   1.0000        0  3,252
  RB  2023    team_total   -0.0056  [-0.0256, +0.0149]  [-0.0405, +0.0294]   0.0102  0.0285   0.5843   1.0000       61  3,252
  RB  2023    log_line     -0.0183  [-0.0374, -0.0009]  [-0.0501, +0.0135]   0.0093  0.0259   0.0483   1.0000        0  3,252
  RB  2024    form_gap     +0.0005  [-0.0165, +0.0185]  [-0.0300, +0.0311]   0.0089  0.0249   0.9508   1.0000       40  3,403
  RB  2024    last_game    +0.0086  [-0.0091, +0.0267]  [-0.0219, +0.0391]   0.0089  0.0249   0.3329   1.0000      222  3,403
  RB  2024    book_gap     +0.0230  [+0.0062, +0.0399]  [-0.0064, +0.0525]   0.0086  0.0240   0.0073   0.6076        0  3,403
  RB  2024    line_pos     -0.0091  [-0.0227, +0.0045]  [-0.0332, +0.0150]   0.0070  0.0197   0.1932   1.0000        0  3,403
  RB  2024    team_total   +0.0050  [-0.0108, +0.0203]  [-0.0218, +0.0317]   0.0078  0.0218   0.5230   1.0000       67  3,403
  RB  2024    log_line     +0.0121  [-0.0055, +0.0312]  [-0.0204, +0.0446]   0.0095  0.0265   0.2019   1.0000        0  3,403
  RB  2025    form_gap     +0.0102  [-0.0048, +0.0248]  [-0.0162, +0.0365]   0.0077  0.0215   0.1843   1.0000       56  3,872
  RB  2025    last_game    -0.0110  [-0.0261, +0.0051]  [-0.0384, +0.0165]   0.0080  0.0224   0.1690   1.0000      231  3,872
  RB  2025    book_gap     -0.0023  [-0.0168, +0.0129]  [-0.0284, +0.0238]   0.0076  0.0213   0.7657   1.0000        0  3,872
  RB  2025    line_pos     +0.0017  [-0.0109, +0.0138]  [-0.0199, +0.0233]   0.0063  0.0176   0.7832   1.0000        0  3,872
  RB  2025    team_total   +0.0097  [-0.0087, +0.0276]  [-0.0218, +0.0412]   0.0092  0.0257   0.2904   1.0000       51  3,872
  RB  2025    log_line     -0.0134  [-0.0280, +0.0014]  [-0.0394, +0.0125]   0.0076  0.0211   0.0751   1.0000        0  3,872
  RM  pooled  form_gap     +0.0068  [-0.0036, +0.0167]  [-0.0109, +0.0244]   0.0051  0.0144   0.1885   1.0000      128  9,450
  RM  pooled  last_game    -0.0038  [-0.0138, +0.0060]  [-0.0215, +0.0138]   0.0051  0.0144   0.4547   1.0000      591  9,450
  RM  pooled  book_gap     +0.0154  [+0.0055, +0.0251]  [-0.0020, +0.0329]   0.0051  0.0142   0.0024   0.2021        0  9,450
  RM  pooled  line_pos     -0.0139  [-0.0246, -0.0030]  [-0.0328, +0.0051]   0.0055  0.0155   0.0121   0.9564        0  9,450
  RM  pooled  team_total   +0.0013  [-0.0090, +0.0112]  [-0.0165, +0.0192]   0.0052  0.0145   0.7992   1.0000      163  9,450
  RM  pooled  log_line     -0.0076  [-0.0173, +0.0025]  [-0.0250, +0.0099]   0.0051  0.0142   0.1364   1.0000        0  9,450

WALK-FORWARD BRIER, arm minus close, test seasons 2024 + 2025
  pop arm               diff            95% interval        SE      MDE        p   Holm p       n
  RB  form_gap      -0.00003  [-0.00015, +0.00009]   0.00006  0.00017   0.6041   1.0000   7,275
  RB  last_game     +0.00014  [-0.00004, +0.00031]   0.00009  0.00025   0.1095   1.0000   7,275
  RB  book_gap      -0.00008  [-0.00040, +0.00023]   0.00016  0.00045   0.6184   1.0000   7,275
  RB  line_pos      -0.00002  [-0.00013, +0.00009]   0.00006  0.00016   0.7539   1.0000   7,275
  RB  team_total    +0.00002  [-0.00006, +0.00010]   0.00004  0.00011   0.6190   1.0000   7,275
  RB  log_line      +0.00032  [+0.00003, +0.00064]   0.00016  0.00043   0.0387   1.0000   7,275
  RB  close+a       -0.00058  [-0.00086, -0.00029]   0.00014  0.00040   0.0001    descr   7,275
  RB  close+joint   +0.00037  [-0.00011, +0.00087]   0.00025  0.00069   0.1306    descr   7,275
  RM  form_gap      -0.00004  [-0.00017, +0.00008]   0.00006  0.00018   0.5051   1.0000   6,474
  RM  last_game     +0.00017  [-0.00004, +0.00036]   0.00010  0.00029   0.1152   1.0000   6,474
  RM  book_gap      -0.00004  [-0.00049, +0.00039]   0.00022  0.00061   0.8422   1.0000   6,474
  RM  line_pos      -0.00027  [-0.00052, -0.00002]   0.00013  0.00035   0.0356   1.0000   6,474
  RM  team_total    +0.00001  [-0.00006, +0.00008]   0.00003  0.00009   0.7680   1.0000   6,474
  RM  log_line      +0.00032  [-0.00006, +0.00072]   0.00019  0.00054   0.1023   1.0000   6,474
  RM  close+a       -0.00054  [-0.00082, -0.00026]   0.00014  0.00040   0.0002    descr   6,474
  RM  close+joint   +0.00020  [-0.00043, +0.00081]   0.00032  0.00090   0.5418    descr   6,474

VERDICT (three states, RB only; sizes are per sd of the candidate)
  form_gap    coef after Holm: False same sign: True  Brier beyond MDE: False | pre-run power 0.020:0.72 0.033:1.00 0.045:1.00 -> EXCLUDED AT 0.033  (0.020 NOT ruled out)
  last_game   coef after Holm: False same sign: False Brier beyond MDE: False | pre-run power 0.020:0.62 0.033:1.00 0.045:1.00 -> EXCLUDED AT 0.033  (0.020 NOT ruled out)
  book_gap    coef after Holm: False same sign: False Brier beyond MDE: False | pre-run power 0.020:0.68 0.033:1.00 0.045:1.00 -> EXCLUDED AT 0.033  (0.020 NOT ruled out)
  line_pos    coef after Holm: False same sign: False Brier beyond MDE: False | pre-run power 0.020:0.98 0.033:1.00 0.045:1.00 -> EXCLUDED AT 0.020
  team_total  coef after Holm: False same sign: False Brier beyond MDE: False | pre-run power 0.020:0.68 0.033:1.00 0.045:1.00 -> EXCLUDED AT 0.033  (0.020 NOT ruled out)
  log_line    coef after Holm: False same sign: False Brier beyond MDE: False | pre-run power 0.020:0.72 0.033:1.00 0.045:1.00 -> EXCLUDED AT 0.033  (0.020 NOT ruled out)

================ rush_attempts ================
POPULATION
  bench_rungs                         4,844
  drop_not_regular_season               258
  drop_push_on_line                       0
  drop_void                               5
  history_rows_without_game               0
  rb_games                              806
  rb_player_games                     3,654
  rb_rungs                            4,581
  rb_rungs_QB                         1,408
  rb_rungs_RB                         3,134
  rb_rungs_TE                            13
  rb_rungs_WR                            26
  rungs_all_books                     5,341

RB: n 4,581  over rate 0.4722  mean p 0.4996 (sd 0.0419, 76.9% in [0.45, 0.55])  Brier close 0.2477  Brier 0.5 0.2500

COEFFICIENTS (probability per sd of the candidate; game-block bootstrap)
  pop cut     candidate          b          95% interval       Bonferroni (84)       SE     MDE        p   Holm p  missing      n
  RB  pooled  form_gap     +0.0201  [+0.0033, +0.0368]  [-0.0092, +0.0494]   0.0085  0.0239   0.0185   1.0000       62  4,581
  RB  pooled  last_game    -0.0047  [-0.0231, +0.0136]  [-0.0366, +0.0271]   0.0093  0.0260   0.6115   1.0000      295  4,581
  RB  pooled  book_gap     +0.0025  [-0.0133, +0.0178]  [-0.0247, +0.0298]   0.0079  0.0222   0.7484   1.0000        0  4,581
  RB  pooled  line_pos     -0.0134  [-0.0236, -0.0029]  [-0.0315, +0.0047]   0.0053  0.0147   0.0110   0.8788        0  4,581
  RB  pooled  team_total   +0.0062  [-0.0114, +0.0238]  [-0.0248, +0.0372]   0.0090  0.0253   0.4912   1.0000       77  4,581
  RB  pooled  log_line     -0.0057  [-0.0210, +0.0093]  [-0.0322, +0.0207]   0.0077  0.0216   0.4564   1.0000        0  4,581
  RB  2023    form_gap     +0.0126  [-0.0234, +0.0436]  [-0.0462, +0.0713]   0.0171  0.0479   0.4626   1.0000       14  1,258
  RB  2023    last_game    -0.0044  [-0.0428, +0.0337]  [-0.0703, +0.0614]   0.0192  0.0537   0.8181   1.0000       78  1,258
  RB  2023    book_gap     +0.0005  [-0.0316, +0.0323]  [-0.0548, +0.0558]   0.0161  0.0451   0.9754   1.0000        0  1,258
  RB  2023    line_pos     -0.0142  [-0.0345, +0.0061]  [-0.0488, +0.0204]   0.0101  0.0282   0.1581   1.0000        0  1,258
  RB  2023    team_total   +0.0129  [-0.0216, +0.0492]  [-0.0485, +0.0742]   0.0179  0.0500   0.4714   1.0000       17  1,258
  RB  2023    log_line     -0.0031  [-0.0301, +0.0243]  [-0.0516, +0.0454]   0.0141  0.0396   0.8267   1.0000        0  1,258
  RB  2024    form_gap     +0.0235  [-0.0051, +0.0507]  [-0.0259, +0.0729]   0.0144  0.0403   0.1027   1.0000       15  1,524
  RB  2024    last_game    -0.0080  [-0.0375, +0.0215]  [-0.0608, +0.0448]   0.0154  0.0430   0.6015   1.0000      107  1,524
  RB  2024    book_gap     -0.0036  [-0.0277, +0.0201]  [-0.0461, +0.0388]   0.0124  0.0346   0.7695   1.0000        0  1,524
  RB  2024    line_pos     -0.0218  [-0.0388, -0.0055]  [-0.0509, +0.0072]   0.0085  0.0237   0.0099   0.8038        0  1,524
  RB  2024    team_total   +0.0198  [-0.0106, +0.0499]  [-0.0332, +0.0728]   0.0154  0.0432   0.1990   1.0000       32  1,524
  RB  2024    log_line     -0.0096  [-0.0356, +0.0177]  [-0.0562, +0.0369]   0.0136  0.0379   0.4776   1.0000        0  1,524
  RB  2025    form_gap     +0.0229  [-0.0044, +0.0521]  [-0.0260, +0.0718]   0.0143  0.0399   0.1083   1.0000       33  1,799
  RB  2025    last_game    -0.0034  [-0.0331, +0.0255]  [-0.0550, +0.0482]   0.0150  0.0421   0.8203   1.0000      110  1,799
  RB  2025    book_gap     +0.0097  [-0.0135, +0.0340]  [-0.0313, +0.0508]   0.0119  0.0335   0.4157   1.0000        0  1,799
  RB  2025    line_pos     -0.0069  [-0.0231, +0.0092]  [-0.0356, +0.0219]   0.0084  0.0235   0.4113   1.0000        0  1,799
  RB  2025    team_total   -0.0071  [-0.0345, +0.0188]  [-0.0548, +0.0406]   0.0139  0.0389   0.6103   1.0000       28  1,799
  RB  2025    log_line     -0.0055  [-0.0301, +0.0214]  [-0.0511, +0.0401]   0.0133  0.0372   0.6773   1.0000        0  1,799
  RM  pooled  form_gap     +0.0165  [+0.0000, +0.0328]  [-0.0118, +0.0449]   0.0083  0.0231   0.0454   1.0000       55  3,654
  RM  pooled  last_game    -0.0065  [-0.0244, +0.0108]  [-0.0376, +0.0246]   0.0091  0.0254   0.4758   1.0000      236  3,654
  RM  pooled  book_gap     -0.0049  [-0.0219, +0.0125]  [-0.0349, +0.0250]   0.0087  0.0244   0.5716   1.0000        0  3,654
  RM  pooled  line_pos     -0.0129  [-0.0292, +0.0040]  [-0.0429, +0.0172]   0.0087  0.0245   0.1409   1.0000        0  3,654
  RM  pooled  team_total   +0.0041  [-0.0130, +0.0210]  [-0.0262, +0.0344]   0.0088  0.0247   0.6432   1.0000       61  3,654
  RM  pooled  log_line     -0.0085  [-0.0241, +0.0068]  [-0.0361, +0.0190]   0.0080  0.0225   0.2873   1.0000        0  3,654
  RB  no_qb   form_gap     +0.0201  [+0.0005, +0.0410]  [-0.0160, +0.0563]   0.0105  0.0294   0.0553    descr       36  3,173
  RB  no_qb   last_game    -0.0009  [-0.0233, +0.0222]  [-0.0410, +0.0392]   0.0117  0.0327   0.9388    descr      198  3,173
  RB  no_qb   book_gap     +0.0027  [-0.0152, +0.0209]  [-0.0292, +0.0346]   0.0093  0.0260   0.7732    descr        0  3,173
  RB  no_qb   line_pos     -0.0073  [-0.0194, +0.0051]  [-0.0289, +0.0142]   0.0063  0.0176   0.2437    descr        0  3,173
  RB  no_qb   team_total   +0.0102  [-0.0114, +0.0317]  [-0.0269, +0.0473]   0.0108  0.0303   0.3455    descr       52  3,173
  RB  no_qb   log_line     +0.0085  [-0.0112, +0.0293]  [-0.0261, +0.0431]   0.0101  0.0282   0.4001    descr        0  3,173

WALK-FORWARD BRIER, arm minus close, test seasons 2024 + 2025
  pop arm               diff            95% interval        SE      MDE        p   Holm p       n
  RB  form_gap      -0.00042  [-0.00102, +0.00015]   0.00030  0.00083   0.1560   1.0000   3,323
  RB  last_game     +0.00000  [-0.00019, +0.00019]   0.00010  0.00027   0.9747   1.0000   3,323
  RB  book_gap      +0.00003  [-0.00001, +0.00007]   0.00002  0.00006   0.1968   1.0000   3,323
  RB  line_pos      -0.00010  [-0.00050, +0.00032]   0.00021  0.00058   0.6309   1.0000   3,323
  RB  team_total    +0.00025  [-0.00032, +0.00084]   0.00030  0.00083   0.3939   1.0000   3,323
  RB  log_line      -0.00000  [-0.00020, +0.00019]   0.00010  0.00028   0.9783   1.0000   3,323
  RB  close+a       -0.00086  [-0.00155, -0.00020]   0.00034  0.00096   0.0123    descr   3,323
  RB  close+joint   -0.00021  [-0.00117, +0.00079]   0.00050  0.00139   0.6763    descr   3,323
  RM  form_gap      -0.00025  [-0.00080, +0.00029]   0.00028  0.00078   0.3784   1.0000   2,636
  RM  last_game     +0.00000  [-0.00021, +0.00022]   0.00011  0.00030   0.9935   1.0000   2,636
  RM  book_gap      +0.00000  [-0.00006, +0.00007]   0.00003  0.00009   0.9618   1.0000   2,636
  RM  line_pos      -0.00002  [-0.00070, +0.00074]   0.00036  0.00102   0.9597   1.0000   2,636
  RM  team_total    +0.00018  [-0.00017, +0.00053]   0.00018  0.00050   0.3100   1.0000   2,636
  RM  log_line      +0.00000  [-0.00033, +0.00032]   0.00016  0.00046   0.9780   1.0000   2,636
  RM  close+a       -0.00106  [-0.00169, -0.00044]   0.00032  0.00091   0.0011    descr   2,636
  RM  close+joint   -0.00003  [-0.00099, +0.00104]   0.00053  0.00150   0.9522    descr   2,636

VERDICT (three states, RB only; sizes are per sd of the candidate)
  form_gap    coef after Holm: False same sign: True  Brier beyond MDE: False | pre-run power 0.020:0.12 0.033:0.66 0.045:0.94 -> UNRESOLVED  (0.020 NOT ruled out)
  last_game   coef after Holm: False same sign: True  Brier beyond MDE: False | pre-run power 0.020:0.11 0.033:0.57 0.045:0.94 -> EXCLUDED AT 0.045  (0.020 NOT ruled out)
  book_gap    coef after Holm: False same sign: False Brier beyond MDE: False | pre-run power 0.020:0.20 0.033:0.78 0.045:0.99 -> EXCLUDED AT 0.045  (0.020 NOT ruled out)
  line_pos    coef after Holm: False same sign: True  Brier beyond MDE: False | pre-run power 0.020:0.78 0.033:1.00 0.045:1.00 -> EXCLUDED AT 0.033  (0.020 NOT ruled out)
  team_total  coef after Holm: False same sign: False Brier beyond MDE: False | pre-run power 0.020:0.09 0.033:0.66 0.045:0.97 -> EXCLUDED AT 0.045  (0.020 NOT ruled out)
  log_line    coef after Holm: False same sign: True  Brier beyond MDE: False | pre-run power 0.020:0.16 0.033:0.71 0.045:0.96 -> EXCLUDED AT 0.045  (0.020 NOT ruled out)

registered tests 84; unadjusted p < 0.05: 11 (expected by chance 4.2); Holm p < 0.05: 0
specifications tried: 98

  elapsed 33s
